╭────────────────────────────────────────────────────────── Traceback (most recent call last) ───────────────────────────────────────────────────────────╮
│ /home/zyjcode/miniconda3/envs/tb/lib/python3.12/site-packages/terminal_bench/cli/tb/runs.py:374 in create                                              │
│                                                                                                                                                        │
│   371 │                                                                                                                                                │
│   372 │   model_name_str = "Oracle" if agent == AgentName.ORACLE else model_name                                                                       │
│   373 │                                                                                                                                                │
│ ❱ 374 │   harness = Harness(                                                                                                                           │
│   375 │   │   dataset_name=dataset_name,                                                                                                               │
│   376 │   │   dataset_version=dataset_version,                                                                                                         │
│   377 │   │   dataset_path=dataset_path,                                                                                                               │
│                                                                                                                                                        │
│ /home/zyjcode/miniconda3/envs/tb/lib/python3.12/site-packages/terminal_bench/harness/harness.py:159 in __init__                                        │
│                                                                                                                                                        │
│    156 │   │   if not self._is_resuming:                                                                                                               │
│    157 │   │   │   self._run_path.mkdir(parents=True, exist_ok=True)                                                                                   │
│    158 │   │                                                                                                                                           │
│ ❱  159 │   │   self._init_dataset()                                                                                                                    │
│    160 │   │   self._init_agent_class()                                                                                                                │
│    161 │   │                                                                                                                                           │
│    162 │   │   self._livestream = livestream and (                                                                                                     │
│                                                                                                                                                        │
│ /home/zyjcode/miniconda3/envs/tb/lib/python3.12/site-packages/terminal_bench/harness/harness.py:285 in _init_dataset                                   │
│                                                                                                                                                        │
│    282 │   │   │                                                                                                                                       │
│    283 │   │   │   self._dataset = Dataset.from_yaml(self._dataset_config)                                                                             │
│    284 │   │   else:                                                                                                                                   │
│ ❱  285 │   │   │   self._dataset = Dataset(                                                                                                            │
│    286 │   │   │   │   name=self._dataset_name,                                                                                                        │
│    287 │   │   │   │   version=self._dataset_version,                                                                                                  │
│    288 │   │   │   │   path=self._dataset_path,                                                                                                        │
│                                                                                                                                                        │
│ /home/zyjcode/miniconda3/envs/tb/lib/python3.12/site-packages/terminal_bench/dataset/dataset.py:92 in __init__                                         │
│                                                                                                                                                        │
│    89 │   │   self._tasks: list[Path] = []                                                                                                             │
│    90 │   │                                                                                                                                            │
│    91 │   │   self._maybe_cache_dataset()                                                                                                              │
│ ❱  92 │   │   self._init_dataset()                                                                                                                     │
│    93 │   │   self._validate_task_paths()                                                                                                              │
│    94 │                                                                                                                                                │
│    95 │   def _get_cache_path(self, name: str, version: str) -> Path:                                                                                  │
│                                                                                                                                                        │
│ /home/zyjcode/miniconda3/envs/tb/lib/python3.12/site-packages/terminal_bench/dataset/dataset.py:211 in _init_dataset                                   │
│                                                                                                                                                        │
│   208 │                                                                                                                                                │
│   209 │   def _init_dataset(self) -> None:                                                                                                             │
│   210 │   │   """Initialize the dataset by loading and filtering task paths."""                                                                        │
│ ❱ 211 │   │   included_task_ids = self._get_included_task_ids()                                                                                        │
│   212 │   │   excluded_task_ids = self._get_excluded_task_ids()                                                                                        │
│   213 │   │                                                                                                                                            │
│   214 │   │   filtered_task_ids = included_task_ids - excluded_task_ids                                                                                │
│                                                                                                                                                        │
│ /home/zyjcode/miniconda3/envs/tb/lib/python3.12/site-packages/terminal_bench/dataset/dataset.py:184 in _get_included_task_ids                          │
│                                                                                                                                                        │
│   181 │   │   for pattern in self.config.task_ids:                                                                                                     │
│   182 │   │   │   matching_paths = list(self._path.glob(pattern))                                                                                      │
│   183 │   │   │   if not matching_paths:                                                                                                               │
│ ❱ 184 │   │   │   │   raise ValueError(f"No tasks found matching pattern: {pattern}")                                                                  │
│   185 │   │   │   included_ids.update(path.name for path in matching_paths)                                                                            │
│   186 │   │                                                                                                                                            │
│   187 │   │   return included_ids                                                                                                                      │
╰────────────────────────────────────────────────────────────────────────────────────────────────────────────────────────────────────────────────────────╯
ValueError: No tasks found matching pattern: hello-world
