Processing tasks in duration order (longest first):
+-----+------------------------+------------+------------+
|   # | Task Name              | Duration   | Source     |
+=====+========================+============+============+
|   1 | 3d-model-format-legacy | 10m 0s     | historical |
+-----+------------------------+------------+------------+
Total tasks: 1
Starting harness run
Run ID: 2026-09-02__17-44-40
Running task: 3d-model-format-legacy
Running docker compose command: docker compose -p 3d-model-format-legacy-1-of-1-2026-09-02__17-44-40 -f terminal-bench/original-tasks/3d-model-format-legacy/docker-compose.yaml build
Running docker compose command: docker compose -p 3d-model-format-legacy-1-of-1-2026-09-02__17-44-40 -f terminal-bench/original-tasks/3d-model-format-legacy/docker-compose.yaml up -d
Starting recording.
Sending keys: ['asciinema rec --stdin /logs/agent.cast', 'Enter'] min_timeout_sec: 3.0 max_timeout_sec: 180.0
Sending keys: ['clear', 'Enter'] min_timeout_sec: 0.0 max_timeout_sec: 180.0
Sending keys: ['export GIT_PAGER=cat PAGER=cat GIT_TERMINAL_PROMPT=0\nset +e\n\nAPT_MIRROR="http://mirrors.ustc.edu.cn/debian"\nAPT_SECURITY_MIRROR="http://mirrors.ustc.edu.cn/debian-security"\nUV_INDEX_URL="https://pypi.org/simple"\n\nif [ -f /etc/apt/sources.list ]; then\n    cp /etc/apt/sources.list /etc/apt/sources.list.bak || true\n    sed -i \\\n        -e "s|http://deb.debian.org/debian|${APT_MIRROR}|g" \\\n        -e "s|https://deb.debian.org/debian|${APT_MIRROR}|g" \\\n        -e "s|http://security.debian.org/debian-security|${APT_SECURITY_MIRROR}|g" \\\n        -e "s|https://security.debian.org/debian-security|${APT_SECURITY_MIRROR}|g" \\\n        /etc/apt/sources.list\nfi\n\nif [ -f /etc/apt/sources.list.d/debian.sources ]; then\n    cp /etc/apt/sources.list.d/debian.sources /etc/apt/sources.list.d/debian.sources.bak || true\n    sed -i \\\n        -e "s|http://deb.debian.org/debian|${APT_MIRROR}|g" \\\n        -e "s|https://deb.debian.org/debian|${APT_MIRROR}|g" \\\n        -e "s|http://security.debian.org/debian-security|${APT_SECURITY_MIRROR}|g" \\\n        -e "s|https://security.debian.org/debian-security|${APT_SECURITY_MIRROR}|g" \\\n        /etc/apt/sources.list.d/debian.sources\nfi\n\nmkdir -p /root/.config/uv\ncat > /root/.config/uv/uv.toml <<EOF\nindex-url = "${UV_INDEX_URL}"\nEOF\n\napt-get update || true\ntrue', '; tmux wait -S done', 'Enter'] min_timeout_sec: 0.0 max_timeout_sec: inf
Blocking command completed in 39.85s.
Sending keys: ["export GIT_PAGER=cat PAGER=cat GIT_TERMINAL_PROMPT=0\ncd /app/MdfLib && grep -n 'struct TMdf' mdftypes.h MdfFormat.h; sed -n '1,180p' mdftypes.h; sed -n '180,340p' mdftypes.h; sed -n '1,220p' MdfFormat.h\ntrue", '; tmux wait -S done', 'Enter'] min_timeout_sec: 0.0 max_timeout_sec: inf
Blocking command completed in 0.08s.
Sending keys: ["export GIT_PAGER=cat PAGER=cat GIT_TERMINAL_PROMPT=0\ncd /app/MdfLib && sed -n '330,390p' mdftypes.h; grep -nE 'struct MdfFullMesh|struct MdfFullAnimation|fLength|duration' mdftypes.h MdfFormat.cpp\ntrue", '; tmux wait -S done', 'Enter'] min_timeout_sec: 0.0 max_timeout_sec: inf
Blocking command completed in 0.12s.
